Block(
  statements = Vector(
    OpSeq(
      seq = Vector(
        Identifier(name = "id", meta = None),
        Identifier(name = ":", meta = None),
        ListExpr(
          terms = Vector(
            OpSeq(
              seq = Vector(
                Identifier(name = "a", meta = None),
                Identifier(name = ":", meta = None),
                Identifier(name = "Type", meta = None)
              ),
              meta = None
            )
          ),
          meta = None
        ),
        Tuple(
          terms = Vector(
            OpSeq(
              seq = Vector(
                Identifier(name = "x", meta = None),
                Identifier(name = ":", meta = None),
                Identifier(name = "a", meta = None)
              ),
              meta = None
            )
          ),
          meta = None
        ),
        Identifier(name = "->", meta = None),
        Identifier(name = "a", meta = None)
      ),
      meta = None
    ),
    OpSeq(
      seq = Vector(
        FunctionCall(
          function = Identifier(name = "id", meta = None),
          telescope = Tuple(terms = Vector(Identifier(name = "x", meta = None)), meta = None),
          meta = None
        ),
        Identifier(name = "=", meta = None),
        Identifier(name = "x", meta = None)
      ),
      meta = None
    ),
    OpSeq(
      seq = Vector(
        FunctionCall(
          function = FunctionCall(
            function = Identifier(name = "id1", meta = None),
            telescope = ListExpr(
              terms = Vector(
                OpSeq(
                  seq = Vector(
                    Identifier(name = "a", meta = None),
                    Identifier(name = ":", meta = None),
                    Identifier(name = "Type", meta = None)
                  ),
                  meta = None
                )
              ),
              meta = None
            ),
            meta = None
          ),
          telescope = Tuple(
            terms = Vector(
              OpSeq(
                seq = Vector(
                  Identifier(name = "x", meta = None),
                  Identifier(name = ":", meta = None),
                  Identifier(name = "a", meta = None)
                ),
                meta = None
              )
            ),
            meta = None
          ),
          meta = None
        ),
        Identifier(name = ":", meta = None),
        Identifier(name = "a", meta = None),
        Identifier(name = "=", meta = None),
        Identifier(name = "x", meta = None)
      ),
      meta = None
    )
  ),
  result = None,
  meta = None
)