Block(
  statements = Vector(
    OpSeq(seq = Vector(Identifier(name = "module", meta = None), Identifier(name = "heu", meta = None)), meta = None),
    OpSeq(
      seq = Vector(
        Identifier(name = "data", meta = None),
        Identifier(name = "abstract", meta = None),
        Identifier(name = "AnimalType", meta = None)
      ),
      meta = None
    ),
    OpSeq(
      seq = Vector(
        Identifier(name = "data", meta = None),
        Identifier(name = "Dog", meta = None),
        Identifier(name = "extends", meta = None),
        Identifier(name = "AnimalType", meta = None),
        Block(
          statements = Vector(
            OpSeq(
              seq = Vector(
                Identifier(name = "wo", meta = None),
                Identifier(name = ":", meta = None),
                Identifier(name = "String", meta = None)
              ),
              meta = None
            )
          ),
          result = None,
          meta = None
        )
      ),
      meta = None
    ),
    OpSeq(
      seq = Vector(
        Identifier(name = "data", meta = None),
        Keyword(key = "abstract", telescope = Vector(), meta = None),
        FunctionCall(
          function = Identifier(name = "Expr", meta = None),
          telescope = ListExpr(
            terms = Vector(
              OpSeq(
                seq = Vector(
                  Identifier(name = "T", meta = None),
                  Identifier(name = ":", meta = None),
                  Identifier(name = "Type", meta = None)
                ),
                meta = None
              )
            ),
            meta = None
          ),
          meta = None
        )
      ),
      meta = None
    ),
    OpSeq(
      seq = Vector(
        Identifier(name = "data", meta = None),
        Identifier(name = "IVal", meta = None),
        Identifier(name = "extends", meta = None),
        FunctionCall(
          function = Identifier(name = "Expr", meta = None),
          telescope = ListExpr(terms = Vector(Identifier(name = "Int", meta = None)), meta = None),
          meta = None
        ),
        Block(
          statements = Vector(
            OpSeq(
              seq = Vector(
                Identifier(name = "val", meta = None),
                Identifier(name = ":", meta = None),
                Identifier(name = "Int", meta = None)
              ),
              meta = None
            )
          ),
          result = None,
          meta = None
        )
      ),
      meta = None
    ),
    OpSeq(
      seq = Vector(
        Identifier(name = "data", meta = None),
        Identifier(name = "BVal", meta = None),
        Identifier(name = "extends", meta = None),
        FunctionCall(
          function = Identifier(name = "Expr", meta = None),
          telescope = ListExpr(terms = Vector(Identifier(name = "Bool", meta = None)), meta = None),
          meta = None
        ),
        Block(
          statements = Vector(
            OpSeq(
              seq = Vector(
                Identifier(name = "val", meta = None),
                Identifier(name = ":", meta = None),
                Identifier(name = "Bool", meta = None)
              ),
              meta = None
            )
          ),
          result = None,
          meta = None
        )
      ),
      meta = None
    ),
    OpSeq(
      seq = Vector(
        Identifier(name = "data", meta = None),
        Keyword(key = "sealed", telescope = Vector(), meta = None),
        Keyword(key = "abstract", telescope = Vector(), meta = None),
        FunctionCall(
          function = Identifier(name = "Vector", meta = None),
          telescope = ListExpr(
            terms = Vector(
              OpSeq(
                seq = Vector(
                  Identifier(name = "n", meta = None),
                  Identifier(name = ":", meta = None),
                  Identifier(name = "Nat", meta = None)
                ),
                meta = None
              ),
              OpSeq(
                seq = Vector(
                  Identifier(name = "T", meta = None),
                  Identifier(name = ":", meta = None),
                  Identifier(name = "Type", meta = None)
                ),
                meta = None
              )
            ),
            meta = None
          ),
          meta = None
        )
      ),
      meta = None
    ),
    OpSeq(
      seq = Vector(
        Identifier(name = "data", meta = None),
        Identifier(name = "Nil", meta = None),
        Identifier(name = "extends", meta = None),
        FunctionCall(
          function = Identifier(name = "Vector", meta = None),
          telescope = ListExpr(
            terms = Vector(IntegerLiteral(value = 0, meta = None), Identifier(name = "T", meta = None)),
            meta = None
          ),
          meta = None
        ),
        ObjectExpr(clauses = Vector(), meta = None)
      ),
      meta = None
    ),
    OpSeq(
      seq = Vector(
        Identifier(name = "data", meta = None),
        Identifier(name = "Cons", meta = None),
        Identifier(name = "extends", meta = None),
        FunctionCall(
          function = Identifier(name = "Vector", meta = None),
          telescope = ListExpr(
            terms = Vector(
              FunctionCall(
                function = Identifier(name = "succ", meta = None),
                telescope = Tuple(terms = Vector(Identifier(name = "n", meta = None)), meta = None),
                meta = None
              ),
              Identifier(name = "T", meta = None)
            ),
            meta = None
          ),
          meta = None
        ),
        Block(
          statements = Vector(
            OpSeq(
              seq = Vector(
                Identifier(name = "head", meta = None),
                Identifier(name = ":", meta = None),
                Identifier(name = "T", meta = None)
              ),
              meta = None
            ),
            OpSeq(
              seq = Vector(
                Identifier(name = "tail", meta = None),
                Identifier(name = ":", meta = None),
                FunctionCall(
                  function = Identifier(name = "Vector", meta = None),
                  telescope = ListExpr(
                    terms = Vector(Identifier(name = "n", meta = None), Identifier(name = "T", meta = None)),
                    meta = None
                  ),
                  meta = None
                )
              ),
              meta = None
            )
          ),
          result = None,
          meta = None
        )
      ),
      meta = None
    ),
    OpSeq(
      seq = Vector(
        Identifier(name = "proof1", meta = None),
        Identifier(name = ":", meta = None),
        Identifier(name = "Nil", meta = None),
        Identifier(name = "=", meta = None),
        Identifier(name = "Nil", meta = None)
      ),
      meta = None
    ),
    OpSeq(
      seq = Vector(
        Identifier(name = "proof1", meta = None),
        Identifier(name = "=", meta = None),
        Identifier(name = "?", meta = None),
        Identifier(name = "hole", meta = None)
      ),
      meta = None
    )
  ),
  result = None,
  meta = None
)