Block(
  statements = Vector(),
  result = Some(
    value = ObjectExpr(
      clauses = Vector(
        ObjectExprClause(
          key = DotCall(
            expr = Identifier(name = "x", meta = None),
            field = Identifier(name = "x", meta = None),
            telescope = Vector(),
            meta = None
          ),
          value = IntegerLiteral(value = 0, meta = None)
        ),
        ObjectExprClause(
          key = Identifier(name = "y", meta = None),
          value = ObjectExpr(
            clauses = Vector(
              ObjectExprClauseOnValue(
                key = StringLiteral(value = "x", meta = None),
                value = IntegerLiteral(value = 1, meta = None)
              )
            ),
            meta = None
          )
        )
      ),
      meta = None
    )
  ),
  meta = None
)